Translating 6 documents (attempt 1/2)
Generating units 1-64 of 326
API 1: HTTP 200, 0.93s, accounted $0.0000
API 2: HTTP 200, 6.46s, accounted $0.0001
API 3: HTTP 200, 13.00s, accounted $0.0001
API 4: HTTP 200, 2.16s, accounted $0.0002
API 5: HTTP 200, 5.73s, accounted $0.0002
API 6: HTTP 200, 1.45s, accounted $0.0002
API 7: HTTP 200, 0.64s, accounted $0.0003
API 8: HTTP 200, 1.32s, accounted $0.0003
API 9: HTTP 200, 2.20s, accounted $0.0004
API 10: HTTP 200, 8.18s, accounted $0.0004
API 11: HTTP 200, 0.62s, accounted $0.0004
API 12: HTTP 200, 9.05s, accounted $0.0005
API 13: HTTP 200, 5.88s, accounted $0.0005
API 14: HTTP 200, 5.57s, accounted $0.0005
API 15: HTTP 200, 1.03s, accounted $0.0005
API 16: HTTP 200, 1.08s, accounted $0.0006
API 17: HTTP 200, 0.54s, accounted $0.0006
API 18: HTTP 200, 0.67s, accounted $0.0006
API 19: HTTP 200, 0.99s, accounted $0.0007
API 20: HTTP 200, 6.99s, accounted $0.0007
API 21: HTTP 200, 8.19s, accounted $0.0008
API 22: HTTP 200, 0.53s, accounted $0.0008
API 23: HTTP 200, 0.62s, accounted $0.0008
API 24: HTTP 200, 0.73s, accounted $0.0008
API 25: HTTP 200, 0.64s, accounted $0.0008
API 26: HTTP 200, 0.97s, accounted $0.0009
API 27: HTTP 200, 0.63s, accounted $0.0009
API 28: HTTP 200, 1.03s, accounted $0.0009
API 29: HTTP 200, 0.74s, accounted $0.0010
API 30: HTTP 200, 0.79s, accounted $0.0010
API 31: HTTP 200, 0.48s, accounted $0.0010
API 32: HTTP 200, 0.95s, accounted $0.0010
API 33: HTTP 200, 5.63s, accounted $0.0010
API 34: HTTP 200, 0.62s, accounted $0.0010
API 35: HTTP 200, 1.77s, accounted $0.0011
API 36: HTTP 200, 0.90s, accounted $0.0011
API 37: HTTP 200, 0.43s, accounted $0.0011
API 38: HTTP 200, 1.60s, accounted $0.0011
API 39: HTTP 200, 1.02s, accounted $0.0011
API 40: HTTP 200, 1.34s, accounted $0.0012
API 41: HTTP 200, 2.45s, accounted $0.0012
API 42: HTTP 200, 2.07s, accounted $0.0014
API 43: HTTP 200, 6.54s, accounted $0.0014
API 44: HTTP 200, 0.36s, accounted $0.0014
API 45: HTTP 200, 1.05s, accounted $0.0015
API 46: HTTP 200, 5.94s, accounted $0.0015
API 47: HTTP 200, 0.61s, accounted $0.0015
API 48: HTTP 200, 0.59s, accounted $0.0015
API 49: HTTP 200, 1.04s, accounted $0.0016
API 50: HTTP 200, 0.40s, accounted $0.0016
API 51: HTTP 200, 1.24s, accounted $0.0016
API 52: HTTP 200, 4.43s, accounted $0.0017
API 53: HTTP 200, 0.52s, accounted $0.0017
API 54: HTTP 200, 1.51s, accounted $0.0017
API 55: HTTP 200, 0.69s, accounted $0.0017
API 56: HTTP 200, 0.55s, accounted $0.0017
API 57: HTTP 200, 3.31s, accounted $0.0018
API 58: HTTP 200, 2.94s, accounted $0.0018
API 59: HTTP 200, 2.92s, accounted $0.0018
API 60: HTTP 200, 0.82s, accounted $0.0018
API 61: HTTP 200, 1.52s, accounted $0.0019
API 62: HTTP 200, 1.16s, accounted $0.0020
API 63: HTTP 200, 0.58s, accounted $0.0020
API 64: HTTP 200, 1.03s, accounted $0.0020
Rejected chat_templating_writing.md: Unit 1.25: Translation changed protected markers: expected IDs [0], got []; source='Compatibility with non-¤0¤ Jinja'; response='비-Python Jinja와의 호환성입니다'
Generating units 65-128 of 326
API 65: HTTP 200, 0.40s, accounted $0.0020
API 66: HTTP 200, 0.58s, accounted $0.0020
API 67: HTTP 200, 0.69s, accounted $0.0021
API 68: HTTP 200, 0.57s, accounted $0.0021
API 69: HTTP 200, 0.38s, accounted $0.0021
API 70: HTTP 200, 3.57s, accounted $0.0021
API 71: HTTP 200, 0.75s, accounted $0.0021
API 72: HTTP 200, 0.40s, accounted $0.0021
API 73: HTTP 200, 3.35s, accounted $0.0022
API 74: HTTP 200, 3.76s, accounted $0.0022
API 75: HTTP 200, 0.56s, accounted $0.0022
API 76: HTTP 200, 4.97s, accounted $0.0023
API 77: HTTP 200, 0.94s, accounted $0.0023
API 78: HTTP 200, 0.92s, accounted $0.0023
API 79: HTTP 200, 1.79s, accounted $0.0024
API 80: HTTP 200, 0.84s, accounted $0.0024
API 81: HTTP 200, 0.41s, accounted $0.0025
API 82: HTTP 200, 0.54s, accounted $0.0025
API 83: HTTP 200, 0.69s, accounted $0.0025
API 84: HTTP 200, 0.57s, accounted $0.0025
API 85: HTTP 200, 0.56s, accounted $0.0025
API 86: HTTP 200, 0.90s, accounted $0.0025
API 87: HTTP 200, 0.70s, accounted $0.0025
API 88: HTTP 200, 1.42s, accounted $0.0026
API 89: HTTP 200, 0.44s, accounted $0.0026
API 90: HTTP 200, 1.60s, accounted $0.0026
API 91: HTTP 200, 2.58s, accounted $0.0027
API 92: HTTP 200, 10.85s, accounted $0.0027
API 93: HTTP 200, 2.28s, accounted $0.0028
API 94: HTTP 200, 2.69s, accounted $0.0028
API 95: HTTP 200, 0.74s, accounted $0.0028
API 96: HTTP 200, 0.90s, accounted $0.0028
API 97: HTTP 200, 1.46s, accounted $0.0029
API 98: HTTP 200, 0.63s, accounted $0.0029
API 99: HTTP 200, 1.29s, accounted $0.0029
API 100: HTTP 200, 0.61s, accounted $0.0029
API 101: HTTP 200, 0.82s, accounted $0.0029
API 102: HTTP 200, 0.43s, accounted $0.0029
API 103: HTTP 200, 3.43s, accounted $0.0030
API 104: HTTP 200, 0.62s, accounted $0.0030
API 105: HTTP 200, 0.51s, accounted $0.0030
API 106: HTTP 200, 0.42s, accounted $0.0030
API 107: HTTP 200, 0.81s, accounted $0.0031
API 108: HTTP 200, 0.63s, accounted $0.0031
API 109: HTTP 200, 1.05s, accounted $0.0031
API 110: HTTP 200, 0.74s, accounted $0.0031
API 111: HTTP 200, 4.11s, accounted $0.0032
API 112: HTTP 200, 0.39s, accounted $0.0032
API 113: HTTP 200, 0.64s, accounted $0.0032
API 114: HTTP 200, 2.49s, accounted $0.0032
API 115: HTTP 200, 0.74s, accounted $0.0032
API 116: HTTP 200, 5.90s, accounted $0.0033
API 117: HTTP 200, 0.47s, accounted $0.0033
API 118: HTTP 200, 0.91s, accounted $0.0033
API 119: HTTP 200, 0.80s, accounted $0.0033
API 120: HTTP 200, 2.67s, accounted $0.0034
API 121: HTTP 200, 1.31s, accounted $0.0034
API 122: HTTP 200, 0.82s, accounted $0.0034
API 123: HTTP 200, 2.86s, accounted $0.0035
API 124: HTTP 200, 2.81s, accounted $0.0035
API 125: HTTP 200, 0.59s, accounted $0.0035
API 126: HTTP 200, 0.79s, accounted $0.0036
API 127: HTTP 200, 1.39s, accounted $0.0036
API 128: HTTP 200, 0.72s, accounted $0.0036
Generating units 129-192 of 326
API 129: HTTP 200, 1.83s, accounted $0.0036
API 130: HTTP 200, 0.77s, accounted $0.0036
API 131: HTTP 200, 0.43s, accounted $0.0037
API 132: HTTP 200, 0.57s, accounted $0.0037
API 133: HTTP 200, 0.77s, accounted $0.0037
API 134: HTTP 200, 0.56s, accounted $0.0037
API 135: HTTP 200, 0.85s, accounted $0.0037
API 136: HTTP 200, 0.81s, accounted $0.0037
API 137: HTTP 200, 1.50s, accounted $0.0037
API 138: HTTP 200, 0.47s, accounted $0.0037
API 139: HTTP 200, 1.62s, accounted $0.0037
API 140: HTTP 200, 2.85s, accounted $0.0038
API 141: HTTP 200, 1.17s, accounted $0.0038
API 142: HTTP 200, 0.56s, accounted $0.0038
API 143: HTTP 200, 0.82s, accounted $0.0038
API 144: HTTP 200, 1.24s, accounted $0.0038
API 145: HTTP 200, 0.48s, accounted $0.0039
API 146: HTTP 200, 0.45s, accounted $0.0039
API 147: HTTP 200, 0.45s, accounted $0.0039
API 148: HTTP 200, 0.82s, accounted $0.0039
API 149: HTTP 200, 0.40s, accounted $0.0039
API 150: HTTP 200, 0.54s, accounted $0.0039
API 151: HTTP 200, 0.44s, accounted $0.0039
API 152: HTTP 200, 0.36s, accounted $0.0040
API 153: HTTP 200, 0.35s, accounted $0.0040
API 154: HTTP 200, 2.66s, accounted $0.0040
API 155: HTTP 200, 1.72s, accounted $0.0040
API 156: HTTP 200, 0.40s, accounted $0.0040
API 157: HTTP 200, 0.50s, accounted $0.0040
API 158: HTTP 200, 0.78s, accounted $0.0040
API 159: HTTP 200, 2.99s, accounted $0.0041
API 160: HTTP 200, 1.70s, accounted $0.0041
API 161: HTTP 200, 0.34s, accounted $0.0041
API 162: HTTP 200, 0.34s, accounted $0.0041
API 163: HTTP 200, 0.92s, accounted $0.0041
API 164: HTTP 200, 0.47s, accounted $0.0041
API 165: HTTP 200, 1.31s, accounted $0.0042
API 166: HTTP 200, 0.48s, accounted $0.0042
API 167: HTTP 200, 0.47s, accounted $0.0042
API 168: HTTP 200, 0.57s, accounted $0.0042
API 169: HTTP 200, 1.22s, accounted $0.0042
API 170: HTTP 200, 0.36s, accounted $0.0042
API 171: HTTP 200, 1.79s, accounted $0.0042
API 172: HTTP 200, 2.21s, accounted $0.0042
API 173: HTTP 200, 0.47s, accounted $0.0043
API 174: HTTP 200, 0.48s, accounted $0.0043
API 175: HTTP 200, 0.49s, accounted $0.0043
API 176: HTTP 200, 1.30s, accounted $0.0043
API 177: HTTP 200, 0.44s, accounted $0.0043
API 178: HTTP 200, 0.85s, accounted $0.0043
API 179: HTTP 200, 0.51s, accounted $0.0044
API 180: HTTP 200, 0.57s, accounted $0.0044
API 181: HTTP 200, 0.50s, accounted $0.0044
API 182: HTTP 200, 0.35s, accounted $0.0044
API 183: HTTP 200, 1.15s, accounted $0.0044
API 184: HTTP 200, 0.85s, accounted $0.0044
API 185: HTTP 200, 0.55s, accounted $0.0044
API 186: HTTP 200, 0.45s, accounted $0.0044
API 187: HTTP 200, 2.27s, accounted $0.0045
API 188: HTTP 200, 0.45s, accounted $0.0045
API 189: HTTP 200, 0.43s, accounted $0.0045
API 190: HTTP 200, 0.52s, accounted $0.0045
API 191: HTTP 200, 0.52s, accounted $0.0045
API 192: HTTP 200, 0.37s, accounted $0.0045
Generating units 193-256 of 326
API 193: HTTP 200, 0.92s, accounted $0.0046
API 194: HTTP 200, 0.99s, accounted $0.0046
API 195: HTTP 200, 0.42s, accounted $0.0046
API 196: HTTP 200, 1.61s, accounted $0.0046
API 197: HTTP 200, 2.00s, accounted $0.0046
API 198: HTTP 200, 0.90s, accounted $0.0047
API 199: HTTP 200, 0.36s, accounted $0.0047
API 200: HTTP 200, 0.38s, accounted $0.0047
API 201: HTTP 200, 2.48s, accounted $0.0047
API 202: HTTP 200, 0.38s, accounted $0.0047
API 203: HTTP 200, 0.40s, accounted $0.0047
API 204: HTTP 200, 1.53s, accounted $0.0047
API 205: HTTP 200, 0.50s, accounted $0.0047
API 206: HTTP 200, 0.49s, accounted $0.0047
API 207: HTTP 200, 0.87s, accounted $0.0048
API 208: HTTP 200, 0.60s, accounted $0.0048
API 209: HTTP 200, 1.04s, accounted $0.0048
API 210: HTTP 200, 0.56s, accounted $0.0048
API 211: HTTP 200, 1.72s, accounted $0.0049
API 212: HTTP 200, 0.81s, accounted $0.0049
API 213: HTTP 200, 0.72s, accounted $0.0049
API 214: HTTP 200, 1.14s, accounted $0.0049
API 215: HTTP 200, 3.85s, accounted $0.0050
API 216: HTTP 200, 1.55s, accounted $0.0050
API 217: HTTP 200, 0.74s, accounted $0.0050
API 218: HTTP 200, 0.45s, accounted $0.0050
API 219: HTTP 200, 0.58s, accounted $0.0050
API 220: HTTP 200, 0.72s, accounted $0.0050
API 221: HTTP 200, 0.88s, accounted $0.0051
API 222: HTTP 200, 5.20s, accounted $0.0051
API 223: HTTP 200, 0.97s, accounted $0.0052
API 224: HTTP 200, 0.39s, accounted $0.0052
API 225: HTTP 200, 1.76s, accounted $0.0052
API 226: HTTP 200, 0.35s, accounted $0.0052
API 227: HTTP 200, 0.37s, accounted $0.0052
API 228: HTTP 200, 0.57s, accounted $0.0052
API 229: HTTP 200, 0.40s, accounted $0.0052
API 230: HTTP 200, 0.39s, accounted $0.0052
API 231: HTTP 200, 0.65s, accounted $0.0052
API 232: HTTP 200, 0.46s, accounted $0.0053
API 233: HTTP 200, 0.39s, accounted $0.0053
API 234: HTTP 200, 0.41s, accounted $0.0053
API 235: HTTP 200, 0.81s, accounted $0.0053
API 236: HTTP 200, 1.54s, accounted $0.0053
API 237: HTTP 200, 1.40s, accounted $0.0053
API 238: HTTP 200, 5.25s, accounted $0.0054
API 239: HTTP 200, 0.73s, accounted $0.0054
API 240: HTTP 200, 2.81s, accounted $0.0054
API 241: HTTP 200, 0.38s, accounted $0.0054
API 242: HTTP 200, 3.26s, accounted $0.0055
API 243: HTTP 200, 0.52s, accounted $0.0055
API 244: HTTP 200, 0.55s, accounted $0.0055
API 245: HTTP 200, 3.57s, accounted $0.0056
API 246: HTTP 200, 2.28s, accounted $0.0057
API 247: HTTP 200, 1.34s, accounted $0.0058
API 248: HTTP 200, 0.80s, accounted $0.0058
API 249: HTTP 200, 0.39s, accounted $0.0058
API 250: HTTP 200, 1.33s, accounted $0.0059
API 251: HTTP 200, 0.40s, accounted $0.0059
API 252: HTTP 200, 1.27s, accounted $0.0060
API 253: HTTP 200, 0.56s, accounted $0.0060
API 254: HTTP 200, 0.55s, accounted $0.0060
API 255: HTTP 200, 0.97s, accounted $0.0061
API 256: HTTP 200, 0.66s, accounted $0.0061
Rejected quantization/selecting.md: Unit 1.98: Translation changed protected markers: expected IDs [0, 1, 2, 3, 4, 5, 6, 7, 8, 9], got [9]; source='Methods like ¤0¤AQLM¤1¤, ¤2¤¤3¤¤4¤, ¤5¤VPTQ¤6¤, ¤7¤HIGGS¤8¤, etc., push the boundaries of compression (¤9¤ 2-bit) or explore novel techniques.'; response='AQLM, SpQR, VPTQ, HIGGS 등의 방법은 압축(¤9¤ 2비트)의 한계를 넘어서거나 새로운 기술을 탐구합니다.'
Generating units 257-320 of 326
API 257: HTTP 200, 0.93s, accounted $0.0061
API 258: HTTP 200, 1.67s, accounted $0.0062
API 259: HTTP 200, 5.54s, accounted $0.0062
API 260: HTTP 200, 4.52s, accounted $0.0063
API 261: HTTP 200, 2.62s, accounted $0.0063
API 262: HTTP 200, 0.97s, accounted $0.0063
API 263: HTTP 200, 2.32s, accounted $0.0063
API 264: HTTP 200, 0.58s, accounted $0.0064
API 265: HTTP 200, 0.52s, accounted $0.0064
API 266: HTTP 200, 0.49s, accounted $0.0064
API 267: HTTP 200, 0.34s, accounted $0.0064
API 268: HTTP 200, 0.32s, accounted $0.0064
API 269: HTTP 200, 0.69s, accounted $0.0064
API 270: HTTP 200, 5.90s, accounted $0.0065
API 271: HTTP 200, 0.44s, accounted $0.0065
API 272: HTTP 200, 0.52s, accounted $0.0065
API 273: HTTP 200, 1.04s, accounted $0.0065
API 274: HTTP 200, 0.42s, accounted $0.0065
API 275: HTTP 200, 1.15s, accounted $0.0066
API 276: HTTP 200, 0.77s, accounted $0.0066
API 277: HTTP 200, 1.27s, accounted $0.0066
API 278: HTTP 200, 0.63s, accounted $0.0066
API 279: HTTP 200, 0.84s, accounted $0.0066
API 280: HTTP 200, 0.85s, accounted $0.0067
API 281: HTTP 200, 0.50s, accounted $0.0067
API 282: HTTP 200, 0.54s, accounted $0.0067
API 283: HTTP 200, 0.76s, accounted $0.0067
API 284: HTTP 200, 0.60s, accounted $0.0067
API 285: HTTP 200, 0.87s, accounted $0.0068
API 286: HTTP 200, 2.39s, accounted $0.0068
API 287: HTTP 200, 2.33s, accounted $0.0068
API 288: HTTP 200, 0.89s, accounted $0.0069
API 289: HTTP 200, 0.51s, accounted $0.0069
API 290: HTTP 200, 0.36s, accounted $0.0069
API 291: HTTP 200, 0.56s, accounted $0.0069
API 292: HTTP 200, 1.04s, accounted $0.0069
API 293: HTTP 200, 0.70s, accounted $0.0070
API 294: HTTP 200, 1.81s, accounted $0.0070
API 295: HTTP 200, 0.80s, accounted $0.0070
API 296: HTTP 200, 0.97s, accounted $0.0070
API 297: HTTP 200, 2.93s, accounted $0.0071
API 298: HTTP 200, 3.43s, accounted $0.0071
API 299: HTTP 200, 1.07s, accounted $0.0072
API 300: HTTP 200, 0.71s, accounted $0.0072
API 301: HTTP 200, 0.59s, accounted $0.0072
API 302: HTTP 200, 1.41s, accounted $0.0073
API 303: HTTP 200, 1.82s, accounted $0.0073
API 304: HTTP 200, 0.43s, accounted $0.0073
API 305: HTTP 200, 0.56s, accounted $0.0073
API 306: HTTP 200, 0.56s, accounted $0.0073
API 307: HTTP 200, 1.20s, accounted $0.0074
API 308: HTTP 200, 0.72s, accounted $0.0074
API 309: HTTP 200, 0.81s, accounted $0.0074
API 310: HTTP 200, 0.58s, accounted $0.0075
API 311: HTTP 200, 0.54s, accounted $0.0075
API 312: HTTP 200, 2.42s, accounted $0.0075
API 313: HTTP 200, 0.72s, accounted $0.0075
API 314: HTTP 200, 0.36s, accounted $0.0075
API 315: HTTP 200, 1.18s, accounted $0.0076
API 316: HTTP 200, 2.13s, accounted $0.0076
API 317: HTTP 200, 0.39s, accounted $0.0076
API 318: HTTP 200, 1.51s, accounted $0.0076
API 319: HTTP 200, 0.40s, accounted $0.0076
API 320: HTTP 200, 0.37s, accounted $0.0076
Rejected tokenizer_summary.md: Unit 1.21: Translation introduced markup; source='Unigram removes the tokens with the lowest loss increase, usually the bottom 10-20%. Base characters always remain so any word can be tokenized. Tokens like ¤0¤, ¤1¤, ¤2¤, ¤3¤, and ¤4¤ are removed because they contributed least to the overall likelihood.'; response='유니그램은 손실 증가량이 가장 낮은 토큰을 제거하며, 일반적으로 하위 10~20%입니다. 기본 문자는 항상 유지되므로 어떤 단어도 토큰화할 수 있습니다. ¤0¤, ¤1¤, ¤2¤, ¤3¤, ¤4¤와 같은 토큰은 전반적인 가능성을 가장 적게 기여했기 때문에 제거됩니다.'
Rejected tokenizer_summary.md: Unit 1.22: Translation introduced markup; source='Steps 2-4 repeat until the vocabulary reaches the target size.'; response='단계 2~4는 어휘가 목표 크기에 도달할 때까지 반복됩니다.'
Rejected training.md: Unit 1.11: Translation changed protected markers: expected IDs [0, 1, 2], got [0]; source='A data collator assembles dataset samples into batches for the model to process. ¤0¤ ¤1¤dynamically¤2¤ pads each batch to the longest sequence in that batch rather than padding every sequence in the dataset to the same length. This saves compute and memory by avoiding computing unnecessary padding t'; response='데이터 콜레이터는 모델이 처리할 수 있도록 데이터셋 샘플을 배치로 조립합니다. ¤0¤는 각 배치를 그 안의 가장 긴 시퀀스에 맞춰 동적으로 패딩하며, 데이터셋의 모든 시퀀스를 동일한 길이로 패딩하는 방식이 아닙니다. 이는 불필요한 패딩 토큰을 계산하지 않음으로써 계산 및 메모리 자원을 절약합니다.'
Rejected training.md: Unit 1.32: Translation changed protected markers: expected IDs [0, 1, 2, 3], got [0, 2, 0, 2]; source='Read the ¤0¤Subclassing ¤1¤ methods¤2¤ guide to learn how to subclass ¤3¤ methods to support new and custom functionalities.'; response='¤0¤Trainer¤2¤ 메서드를 상속하는 방법에 대해 알아보기 위해 ¤0¤Trainer¤2¤ 메서드를 확장하여 새로운 기능과 사용자 정의 기능을 지원하는 방법을 학습합니다.'
Generating units 321-326 of 326
API 321: HTTP 200, 4.97s, accounted $0.0076
API 322: HTTP 200, 0.30s, accounted $0.0076
API 323: HTTP 200, 0.61s, accounted $0.0076
API 324: HTTP 200, 3.66s, accounted $0.0076
API 325: HTTP 200, 0.68s, accounted $0.0076
API 326: HTTP 200, 0.97s, accounted $0.0076
Accepted pipeline_tutorial.md
Accepted _toctree.yml
Translating 4 documents (attempt 2/2)
Generating units 1-6 of 6
API 327: HTTP 200, 0.44s, accounted $0.0077
API 328: HTTP 200, 0.36s, accounted $0.0077
API 329: HTTP 200, 0.40s, accounted $0.0077
API 330: HTTP 200, 1.20s, accounted $0.0077
API 331: HTTP 200, 0.43s, accounted $0.0077
API 332: HTTP 200, 0.70s, accounted $0.0077
API 333: HTTP 200, 0.43s, accounted $0.0077
API 334: HTTP 200, 1.15s, accounted $0.0078
API 335: HTTP 200, 0.87s, accounted $0.0078
API 336: HTTP 200, 0.85s, accounted $0.0078
API 337: HTTP 200, 2.44s, accounted $0.0078
API 338: HTTP 200, 4.30s, accounted $0.0079
API 339: HTTP 200, 0.41s, accounted $0.0079
API 340: HTTP 200, 0.40s, accounted $0.0079
API 341: HTTP 200, 0.40s, accounted $0.0079
API 342: HTTP 200, 0.41s, accounted $0.0079
API 343: HTTP 200, 2.15s, accounted $0.0079
Rejected tokenizer_summary.md: Unit 1.21: Translation introduced markup; source='Unigram removes the tokens with the lowest loss increase, usually the bottom 10-20%. Base characters always remain so any word can be tokenized. Tokens like ¤0¤, ¤1¤, ¤2¤, ¤3¤, and ¤4¤ are removed because they contributed least to the overall likelihood.'; response='유니그램은 손실 증가량이 가장 낮은 토큰을 제거하며, 일반적으로 하위 10~20%입니다. 기본 문자는 항상 유지되므로 어떤 단어도 토큰화할 수 있습니다. 토큰들처럼 ¤0¤, ¤1¤, ¤2¤, ¤3¤, 그리고 ¤4¤ 가장 낮은 전체 가능성 기여도를 보인 항목은 제거됩니다.'
Rejected tokenizer_summary.md: Unit 1.22: Translation introduced markup; source='Steps 2-4 repeat until the vocabulary reaches the target size.'; response='단계 2~4는 어휘가 목표 크기에 도달할 때까지 반복합니다.'
Accepted chat_templating_writing.md
Accepted quantization/selecting.md
Accepted training.md
Translation failed; completed pages were cached, output was not published:
tokenizer_summary.md: Unit 1.22: Translation introduced markup; source='Steps 2-4 repeat until the vocabulary reaches the target size.'; response='단계 2~4는 어휘가 목표 크기에 도달할 때까지 반복합니다.'
